[33mΓ¥»[39m Building...
[32mΓ£ö[39m Building...
[1mInitial chunk files[22m[2m | [22m[1mNames[22m        [2m | [22m [1mRaw size[22m[2m | [22m[1mEstimated transfer size[22m
[32mmain-UY3RRGEY.js[39m   [2m | [22m[2mmain[22m         [2m | [22m[36m271.51 kB[39m[2m | [22m               [36m71.72 kB[39m
[32mstyles-KYJZPZKJ.css[39m[2m | [22m[2mstyles[22m       [2m | [22m [36m13.16 kB[39m[2m | [22m              [36m865 bytes[39m

[1m [22m                  [2m | [22m[1mInitial total[22m[2m | [22m[1m284.67 kB[22m[2m | [22m               [1m72.58 kB[22m

Application bundle generation failed. [2.837 seconds] - 2026-03-11T04:34:37.682Z

node.exe : [1m[33m[33mΓû▓ 
[43;33m[[43;30mWARNING[43;
33m][0m [1msrc/app/app.css 
exceeded maximum budget. 
Budget 4.00 kB was not met 
by 6.42 kB with a total of 
10.42 kB.[0m
At line:1 char:1
+ & "C:\Program 
Files\nodejs/node.exe" 
"C:\Program 
Files\nodejs/node_mo ...
+ ~~~~~~~~~~~~~~~~~~~~~~~~~~~
~~~~~~~~~~~~~~~~~~~~~~~~~~~~~
~~~~~~~~~~~~~
    + CategoryInfo           
   : NotSpecified: ([1m[3  
  3m[33mΓ...f 10.42 kB.[   
 0m:String) [], RemoteExc    
eption
    + FullyQualifiedErrorId  
   : NativeCommandError
 

[39m[22m
[1m[31m[31mX [41;31m[[41
;97mERROR[41;31m][0m 
[1msrc/app/app.css exceeded 
maximum budget. Budget 8.00 
kB was not met by 2.42 kB 
with a total of 10.42 kB.[0m

[39m[22m
